main.c:77:6:reset_buffer	16	static
main.c:88:6:reset_info_buffer	16	static
main.c:101:5:main	112	static
main.c:183:6:SystemClock_Config	72	static
main.c:219:13:MX_USART3_UART_Init	8	static
main.c:252:13:MX_GPIO_Init	32	static
main.c:277:6:HAL_UART_RxCpltCallback	24	static
main.c:293:6:buildCmd	16	static
main.c:326:6:showPrompt	8	static
main.c:333:6:doCommand	48	static
main.c:371:6:toggleLight	16	static
main.c:380:6:displayHelp	16	static
main.c:396:6:getState	24	static
main.c:414:6:Error_Handler	4	static
