main.c:77:6:reset_buffer	16	static
main.c:85:6:reset_info_buffer	16	static
main.c:98:5:main	112	static
main.c:178:6:SystemClock_Config	72	static
main.c:214:13:MX_USART3_UART_Init	8	static
main.c:247:13:MX_GPIO_Init	32	static
main.c:269:6:HAL_UART_RxCpltCallback	24	static
main.c:286:6:buildCmd	16	static
main.c:316:6:showPrompt	8	static
main.c:320:6:doCommand	48	static
main.c:355:6:toggleLight	16	static
main.c:360:6:displayHelp	16	static
main.c:372:6:getState	24	static
main.c:391:6:Error_Handler	4	static
